[index-2.html]
[backblue.gif]
[fade.gif]
[index.html]
[wp/xmlrpc0db0.php]
[index-2.html]
[wp/wp-includes/css/dist/block-library/style.min5fba.css]
[app/themes/outdor/dist/styles/main_7858fd79.css]
[wp/wp-includes/js/jquery/jquery-migrate.min330a.js]
[wp/wp-includes/js/jquery/jqueryb8ff.js]
[wp/wp-includes/wlwmanifest.xml]
[wp-json/index.html]
[wp/xmlrpc0db0.html]
[indexa61c.html]
[les-laureat·e·s-2019/index.html]
[les-laureat·e·s-2019/index.html]
[pourquoi-les-out-dor/index.html]
[les-categories-recompensees/index.html]
[les-categories-recompensees/index.html]
[les-photojournalistes-sur-le-front-des-luttes-lgbti/index.html]
[projection-debat-lgbti-des-fictions-qui-interrogent-les-representations/index.html]
[pourquoi-les-out-dor/index.html]
[vote/index.html]
[les-photojournalistes-sur-le-front-des-luttes-lgbti/index.html]
[fonctionnement/index.html]
[projection-debat-lgbti-des-fictions-qui-interrogent-les-representations/index.html]
[on-parle-des-out-dor-2019/index.html]
[app/themes/outdor/dist/images/logo-outdor-2019_330d8398.png]
[vote/index.html]
[fonctionnement/index.html]
[les-organisateurs/index.html]
[outdor/app/uploads/2019/05/15110320/VIOLET.png]
[editions-precedentes/index.html]
[on-parle-des-out-dor-2019/index.html]
[les-organisateurs/index.html]
[editions-precedentes/index.html]
[outdor/app/uploads/2019/05/15110232/Audiens.png]
[outdor/app/uploads/2019/05/15110236/ELAN-EDELMAN.png]
[outdor/app/uploads/2019/05/15110644/LINK.png]
[outdor/app/uploads/2019/05/15110233/DILRAH.png]
[outdor/app/uploads/2019/05/15110237/Facebook.png]
[outdor/app/uploads/2019/05/20214307/1166px-Ville_de_Paris_logo_2019.svg_.png]
[outdor/app/uploads/2019/05/15110309/INA.png]
[outdor/app/uploads/2019/05/15110319/Twitter.png]
[outdor/app/uploads/2019/05/15110318/TFI_Initiatives_logo_CMJN.jpg]
[outdor/app/uploads/2019/05/15110312/Libé.png]
[outdor/app/uploads/2019/05/15110316/Radio-France.png]
[outdor/app/uploads/2019/05/15110308/France-Television.png]
[outdor/app/uploads/2019/05/15110311/Komitid_logo_complet_HD.jpg]
[outdor/app/uploads/2019/05/15110315/Quinzaine-des-Fiertés.png]
[app/themes/outdor/dist/scripts/main_7858fd79.js]
[wp/wp-includes/js/wp-embed.min5fba.js]
[app/uploads/2019/06/9-PERSONNALITE-WINNER.html]
[app/uploads/2019/06/9-PERSONNALITE-WINNER.html]
[indexfef8.html]
[wp-json/oembed/1.0/embed3d1a.json]
[outdor/app/uploads/2019/06/18175441/9-PERSONNALITE-WINNER.jpg]
[outdor/app/uploads/2019/06/18175445/23-PRESSE-ETRANGERE-WINNER.jpg]
[wp-json/oembed/1.0/embedeb41]
[outdor/app/uploads/2019/06/18175453/36-SPORT-WINNER.jpg]
[outdor/app/uploads/2019/06/18175448/26-DOCUMENTAIRE-WINNER.jpg]
[index9ad3.html]
[outdor/app/uploads/2019/06/18175442/12-ENQUETE-WINNER.jpg]
[outdor/app/uploads/2019/06/18175444/15-PODCAST-WINNER.jpg]
[outdor/app/uploads/2019/06/18175452/30-REDACTION-ENGAGEE-WINNER.jpg]
[outdor/app/uploads/2019/06/18175454/39-COUP-D_ECLAT-WINNER-1.jpg]
[outdor/app/uploads/2019/06/18175455/41-COUP-D_ECLAT-WINNER-2.jpg]
[index9787.html]
[wp-json/oembed/1.0/embed373a.json]
[outdor/app/uploads/2019/05/19192552/Capture-d’écran-2019-05-19-à-21.25.34.png]
[wp-json/oembed/1.0/embedfb0b]
[outdor/app/uploads/2019/05/17164603/dixpourcent.jpg]
[outdor/app/uploads/2019/05/17183126/skam.jpg]
[index39be.html]
[outdor/app/uploads/2019/05/17183713/vernon1.jpg]
[outdor/app/uploads/2019/05/19155531/Capture-d’écran-2019-05-19-à-17.52.19.png]
[outdor/app/uploads/2019/05/19152238/bouraoui.jpg]
[outdor/app/uploads/2019/05/19151402/Capture-d’écran-2019-05-19-à-17.13.43.png]
[outdor/app/uploads/2019/05/19212715/comingout.png]
[outdor/app/uploads/2019/05/19212140/56138d27-phpvicnyu.jpg]
[outdor/app/uploads/2019/05/19211944/Capture-d’écran-2019-05-19-à-23.19.29.png]
[outdor/app/uploads/2019/05/19211207/lsdok.png]
[outdor/app/uploads/2019/05/19210009/Nidevenidadam13vr.jpg]
[outdor/app/uploads/2019/05/19205640/ob_973b70_lenfantdetousle-preview-2300.jpg]
[outdor/app/uploads/2019/05/19103153/obsnb.jpg]
[outdor/app/uploads/2019/05/17141919/870x489_img_7055.jpg]
[outdor/app/uploads/2019/05/17140730/1150746-veillee-pour-vanesa-campos-bois-de-boulogne.jpg]
[outdor/app/uploads/2019/05/17141938/1527762337686-trans.jpg]
[outdor/app/uploads/2019/05/17140420/mains.jpg]
[outdor/app/uploads/2019/05/17135404/auberge-de-poil_3805340.jpg]
[outdor/app/uploads/2019/05/17134827/94a8e76_2019030945.0.2269284469GayRetrait_FINAL_web.jpg]
[outdor/app/uploads/2019/05/22225446/personnalité.jpg]
[outdor/app/uploads/2019/05/17154418/avatars-000334750312-g0zne7-t500x500.jpg]
[outdor/app/uploads/2019/05/19105222/podcastasoi.png]
[outdor/app/uploads/2019/05/17154741/sans_titre-1_12.jpg]
[outdor/app/uploads/2019/05/19104719/FotoJet11.jpg]
[outdor/app/uploads/2019/05/19105721/garcons2.jpg]
[outdor/app/uploads/2019/05/18081920/BBC_Ben-Hunte.jpg]
[outdor/app/uploads/2019/05/19204244/Capture-d’écran-2019-05-19-à-22.42.25.png]
[outdor/app/uploads/2019/05/18082822/AFE_Raseef22Partnership.jpg]
[outdor/app/uploads/2019/05/19201420/Capture-d’écran-2019-05-19-à-22.14.00.png]
[outdor/app/uploads/2019/05/19194941/outdor-2019-gradient1.png]
[outdor/app/uploads/2019/05/19195152/Capture-d’écran-2019-05-19-à-21.41.37.png]
[outdor/app/uploads/2019/05/19100156/glamour1.png]
[outdor/app/uploads/2019/05/17100310/FotoJet.jpg]
[outdor/app/uploads/2019/05/17095547/lequipemag.png]
[outdor/app/uploads/2019/05/19082625/ftvslash.jpg]
[outdor/app/uploads/2019/05/19195231/numeramaok.png]
[outdor/app/uploads/2019/05/19080858/FotoJet1.jpg]
[outdor/app/uploads/2019/05/19144210/alexiac.jpg]
[outdor/app/uploads/2019/05/19143132/RamonRMG.jpg]
[outdor/app/uploads/2019/05/19144618/caroleG1.jpg]
[outdor/app/uploads/2019/05/19145248/laurenceM1.jpg]
[outdor/app/uploads/2019/05/19144930/amandineB.jpg]
[index5757.html]
[wp-json/oembed/1.0/embed2952.json]
[wp-json/oembed/1.0/embed8853]
[indexbbff.html]
[index461a.html]
[wp-json/oembed/1.0/embedae3c.json]
[wp-json/oembed/1.0/embed1487]
[index0a28.html]
[indexd2e2.html]
[wp-json/oembed/1.0/embedfdb0.json]
[wp-json/oembed/1.0/embeda519]
[index37d2.html]
[wp-json/oembed/1.0/embed0141.json]
[index43b2.html]
[wp-json/oembed/1.0/embedab6f]
[index480d.html]
[indexdabb.html]
[wp-json/oembed/1.0/embedd0cb.json]
[wp-json/oembed/1.0/embed7031]
[indexcab8.html]
[wp-json/oembed/1.0/embeddbcf]
[wp-json/oembed/1.0/embede99e.json]
[indexce54.html]
[indexade7.html]
[index3ba0.html]
[wp-json/oembed/1.0/embed56dd]
[wp-json/oembed/1.0/embedfaac.json]
[index4883.html]
[app/uploads/2019/05/20180619_OUTDOR_DSF6064.html]
[app/uploads/2019/05/20180619_OUTDOR_DSF6064.html]
[indexe839.html]
[wp-json/oembed/1.0/embedcd00.json]
[wp-json/oembed/1.0/embedbd52]
[outdor/app/uploads/2019/05/22120702/20180619_OUTDOR_DSF6064.jpg]
[indexd4b5.html]
[outdor/app/uploads/2019/05/22121149/GALA_AJL_2017-28.jpg]
